******************************************************************************
                  TI ARM Linker PC v20.2.5                     
******************************************************************************
>> Linked Fri Sep 24 13:06:42 2021

OUTPUT FILE NAME:   <Events.out>
ENTRY POINT SYMBOL: "_c_int00_noargs"  address: 000037c5


MEMORY CONFIGURATION

         name            origin    length      used     unused   attr    fill
----------------------  --------  ---------  --------  --------  ----  --------
  FLASH                 00000000   00040000  000039a4  0003c65c  R  X
  SRAM                  20000000   00008000  00005155  00002eab  RW X


SEGMENT ALLOCATION MAP

run origin  load origin   length   init length attrs members
----------  ----------- ---------- ----------- ----- -------
00000000    00000000    000039a8   000039a8    r-x
  00000000    00000000    0000026c   0000026c    r-- .intvecs
  0000026c    0000026c    00003678   00003678    r-x .text
  000038e4    000038e4    00000080   00000080    r-- .const
  00003968    00003968    00000040   00000040    r-- .cinit
20000000    20000000    00005159   00000000    rw-
  20000000    20000000    00004f0c   00000000    rw- .bss
  20004f10    20004f10    00000200   00000000    rw- .stack
  20005110    20005110    00000049   00000000    rw- .data


SECTION ALLOCATION MAP

 output                                  attributes/
section   page    origin      length       input sections
--------  ----  ----------  ----------   ----------------
.intvecs   0    00000000    0000026c     
                  00000000    0000026c     tm4c123gh6pm_startup_ccs.obj (.intvecs)

.text      0    0000026c    00003678     
                  0000026c    000023b4     tasks.obj (.text)
                  00002620    00000472     event_groups.obj (.text)
                  00002a92    00000002     --HOLE-- [fill = 0]
                  00002a94    000001d8     heap_2.obj (.text)
                  00002c6c    000001cc     main.obj (.text)
                  00002e38    000001c8     port.obj (.text)
                  00003000    0000016c     driverlib.lib : gpio.obj (.text:GPIOPadConfigSet)
                  0000316c    00000132     list.obj (.text)
                  0000329e    00000002     --HOLE-- [fill = 0]
                  000032a0    00000118     driverlib.lib : sysctl.obj (.text:SysCtlClockGet)
                  000033b8    000000f4                   : sysctl.obj (.text:SysCtlClockSet)
                  000034ac    000000da     portasm.obj (.text)
                  00003586    0000009c     rtsv7M4_T_le_v4SPD16_eabi.lib : memcpy_t2.asm.obj (.text)
                  00003622    0000007a                                   : memset_t2.asm.obj (.text)
                  0000369c    00000068                                   : copy_decompress_lzss.c.obj (.text:decompress:lzss:__TI_decompress_lzss)
                  00003704    00000046     driverlib.lib : uart.obj (.text:UARTConfigSetExpClk)
                  0000374a    00000002     --HOLE-- [fill = 0]
                  0000374c    00000044     rtsv7M4_T_le_v4SPD16_eabi.lib : autoinit.c.obj (.text:__TI_auto_init_nobinit_nopinit:__TI_auto_init_nobinit_nopinit)
                  00003790    00000034     driverlib.lib : sysctl.obj (.text:SysCtlPeripheralEnable)
                  000037c4    00000034     rtsv7M4_T_le_v4SPD16_eabi.lib : boot_cortex_m.c.obj (.text:_c_int00_noargs:_c_int00_noargs)
                  000037f8    0000002c     driverlib.lib : gpio.obj (.text:GPIODirModeSet)
                  00003824    00000020                   : uart.obj (.text:UARTDisable)
                  00003844    0000001a                   : gpio.obj (.text:GPIOPinTypeGPIOOutput)
                  0000385e    00000016                   : gpio.obj (.text:GPIOPinTypeGPIOInput)
                  00003874    00000016                   : gpio.obj (.text:GPIOPinTypeUART)
                  0000388a    00000014                   : uart.obj (.text:UARTEnable)
                  0000389e    0000000e     rtsv7M4_T_le_v4SPD16_eabi.lib : copy_decompress_none.c.obj (.text:decompress:none:__TI_decompress_none)
                  000038ac    0000000c                                   : copy_zero_init.c.obj (.text:decompress:ZI:__TI_zero_init)
                  000038b8    0000000c     tm4c123gh6pm_startup_ccs.obj (.text)
                  000038c4    00000006     driverlib.lib : gpio.obj (.text:GPIOPinRead)
                  000038ca    00000006                   : gpio.obj (.text:GPIOPinWrite)
                  000038d0    00000006                   : sysctl.obj (.text:SysCtlDelay)
                  000038d6    00000006                   : uart.obj (.text:UARTClockSourceSet)
                  000038dc    00000004     rtsv7M4_T_le_v4SPD16_eabi.lib : pre_init.c.obj (.text:_system_pre_init)
                  000038e0    00000004                                   : exit.c.obj (.text:abort:abort)

.const     0    000038e4    00000080     
                  000038e4    0000006c     driverlib.lib : sysctl.obj (.const:g_pui32Xtals)
                  00003950    00000008     port.obj (.const)
                  00003958    00000007     main.obj (.const:.string:$P$T0$2)
                  0000395f    00000001     --HOLE-- [fill = 0]
                  00003960    00000004     tasks.obj (.const)

.cinit     0    00003968    00000040     
                  00003968    0000001b     (.cinit..data.load) [load image, compression = lzss]
                  00003983    00000001     --HOLE-- [fill = 0]
                  00003984    0000000c     (__TI_handler_table)
                  00003990    00000008     (.cinit..bss.load) [load image, compression = zero_init]
                  00003998    00000010     (__TI_cinit_table)

.init_array 
*          0    00000000    00000000     UNINITIALIZED

.bss       0    20000000    00004f0c     UNINITIALIZED
                  20000000    00004e20     heap_2.obj (.bss:ucHeap)
                  20004e20    00000064     tasks.obj (.bss:pxReadyTasksLists)
                  20004e84    00000014     tasks.obj (.bss:xDelayedTaskList1)
                  20004e98    00000014     tasks.obj (.bss:xDelayedTaskList2)
                  20004eac    00000014     tasks.obj (.bss:xPendingReadyList)
                  20004ec0    00000014     tasks.obj (.bss:xSuspendedTaskList)
                  20004ed4    00000014     tasks.obj (.bss:xTasksWaitingTermination)
                  20004ee8    00000008     tasks.obj (.bss)
                  20004ef0    00000008     heap_2.obj (.bss:xEnd)
                  20004ef8    00000008     heap_2.obj (.bss:xStart)
                  20004f00    00000004     (.common:Group1)
                  20004f04    00000004     (.common:data1)
                  20004f08    00000004     (.common:data2)

.data      0    20005110    00000049     UNINITIALIZED
                  20005110    00000034     tasks.obj (.data)
                  20005144    0000000c     port.obj (.data)
                  20005150    00000008     heap_2.obj (.data)
                  20005158    00000001     main.obj (.data)

.stack     0    20004f10    00000200     UNINITIALIZED
                  20004f10    00000004     rtsv7M4_T_le_v4SPD16_eabi.lib : boot_cortex_m.c.obj (.stack)
                  20004f14    000001fc     --HOLE--

__llvm_prf_cnts 
*          0    20000000    00000000     UNINITIALIZED

MODULE SUMMARY

       Module                         code    ro data   rw data
       ------                         ----    -------   -------
    .\
       heap_2.obj                     472     0         20024  
       tasks.obj                      9140    4         260    
       event_groups.obj               1138    0         0      
       tm4c123gh6pm_startup_ccs.obj   12      620       0      
       main.obj                       460     7         13     
       port.obj                       456     8         12     
       list.obj                       306     0         0      
       portasm.obj                    218     0         0      
    +--+------------------------------+-------+---------+---------+
       Total:                         12202   639       20309  
                                                               
    C:/ti/TivaWare_C_Series-2.2.0.295/driverlib/ccs/Debug/driverlib.lib
       sysctl.obj                     582     108       0      
       gpio.obj                       490     0         0      
       uart.obj                       128     0         0      
    +--+------------------------------+-------+---------+---------+
       Total:                         1200    108       0      
                                                               
    C:\ti\ccs1040\ccs\tools\compiler\ti-cgt-arm_20.2.5.LTS\lib\rtsv7M4_T_le_v4SPD16_eabi.lib
       memcpy_t2.asm.obj              156     0         0      
       memset_t2.asm.obj              122     0         0      
       copy_decompress_lzss.c.obj     104     0         0      
       autoinit.c.obj                 68      0         0      
       boot_cortex_m.c.obj            52      0         0      
       copy_decompress_none.c.obj     14      0         0      
       copy_zero_init.c.obj           12      0         0      
       exit.c.obj                     4       0         0      
       pre_init.c.obj                 4       0         0      
    +--+------------------------------+-------+---------+---------+
       Total:                         536     0         0      
                                                               
       Stack:                         0       0         512    
       Linker Generated:              0       63        0      
    +--+------------------------------+-------+---------+---------+
       Grand Total:                   13938   810       20821  


LINKER GENERATED COPY TABLES

__TI_cinit_table @ 00003998 records: 2, size/record: 8, table size: 16
	.data: load addr=00003968, load size=0000001b bytes, run addr=20005110, run size=00000049 bytes, compression=lzss
	.bss: load addr=00003990, load size=00000008 bytes, run addr=20000000, run size=00004f0c bytes, compression=zero_init


LINKER GENERATED HANDLER TABLE

__TI_handler_table @ 00003984 records: 3, size/record: 4, table size: 12
	index: 0, handler: __TI_decompress_lzss
	index: 1, handler: __TI_decompress_none
	index: 2, handler: __TI_zero_init


GLOBAL SYMBOLS: SORTED ALPHABETICALLY BY Name 

address   name                               
-------   ----                               
00002d13  Button1                            
00002d4b  Button2                            
000038e1  C$$EXIT                            
000037f9  GPIODirModeSet                     
00003001  GPIOPadConfigSet                   
000038c5  GPIOPinRead                        
0000385f  GPIOPinTypeGPIOInput               
00003845  GPIOPinTypeGPIOOutput              
00003875  GPIOPinTypeUART                    
000038cb  GPIOPinWrite                       
20004f00  Group1                             
00002c6d  PORTF_Init                         
000038b9  ResetISR                           
000032a1  SysCtlClockGet                     
000033b9  SysCtlClockSet                     
000038d1  SysCtlDelay                        
00003791  SysCtlPeripheralEnable             
00002cc1  Task1                              
00002c87  UART0_Init                         
000038d7  UARTClockSourceSet                 
00003705  UARTConfigSetExpClk                
00003825  UARTDisable                        
0000388b  UARTEnable                         
20005110  __STACK_END                        
00000200  __STACK_SIZE                       
20005110  __STACK_TOP                        
00003998  __TI_CINIT_Base                    
000039a8  __TI_CINIT_Limit                   
00003984  __TI_Handler_Table_Base            
00003990  __TI_Handler_Table_Limit           
0000374d  __TI_auto_init_nobinit_nopinit     
0000369d  __TI_decompress_lzss               
0000389f  __TI_decompress_none               
ffffffff  __TI_pprof_out_hndl                
ffffffff  __TI_prof_data_size                
ffffffff  __TI_prof_data_start               
00000000  __TI_static_base__                 
000038ad  __TI_zero_init                     
00003623  __aeabi_memclr                     
00003623  __aeabi_memclr4                    
00003623  __aeabi_memclr8                    
00003587  __aeabi_memcpy                     
00003587  __aeabi_memcpy4                    
00003587  __aeabi_memcpy8                    
00003625  __aeabi_memset                     
00003625  __aeabi_memset4                    
00003625  __aeabi_memset8                    
ffffffff  __binit__                          
ffffffff  __c_args__                         
UNDEFED   __mpu_init                         
20004f10  __stack                            
20000000  __start___llvm_prf_cnts            
20000000  __stop___llvm_prf_cnts             
000037c5  _c_int00_noargs                    
UNDEFED   _system_post_cinit                 
000038dd  _system_pre_init                   
000038e1  abort                              
ffffffff  binit                              
20004f04  data1                              
20004f08  data2                              
00000655  eTaskGetState                      
00000000  g_pfnVectors                       
00002d83  main                               
00003587  memcpy                             
0000362b  memset                             
00000e19  pcTaskGetName                      
00002a95  pvPortMalloc                       
00001e1f  pvTaskIncrementMutexHeldCount      
20005110  pxCurrentTCB                       
00002e39  pxPortInitialiseStack              
00003950  ulMaxSyscallInterruptPriority      
000034bd  ulPortGetIPSR                      
00001e45  ulTaskGenericNotifyTake            
000024d3  ulTaskGenericNotifyValueClear      
00002a61  uxEventGroupGetNumber              
00003257  uxListRemove                       
00000e0d  uxTaskGetNumberOfTasks             
00001a65  uxTaskGetStackHighWaterMark        
00000fa9  uxTaskGetSystemState               
000017d1  uxTaskGetTaskNumber                
00000719  uxTaskPriorityGet                  
00000741  uxTaskPriorityGetFromISR           
00001df9  uxTaskResetEventItemValue          
00003960  uxTopUsedPriority                  
00002a0b  vEventGroupClearBitsCallback       
000029c5  vEventGroupDelete                  
000029f9  vEventGroupSetBitsCallback         
00002a81  vEventGroupSetNumber               
0000316d  vListInitialise                    
0000319d  vListInitialiseItem                
000031e9  vListInsert                        
000031ad  vListInsertEnd                     
00003579  vPortEnableVFP                     
00002f37  vPortEndScheduler                  
00002f39  vPortEnterCritical                 
00002f59  vPortExitCritical                  
00002bad  vPortFree                          
00002c11  vPortInitialiseBlocks              
00003535  vPortSVCHandler                    
00002f95  vPortSetupTimerInterrupt           
00003555  vPortStartFirstTask                
00002faf  vPortValidateInterruptPriority     
00000601  vTaskDelay                         
000004c7  vTaskDelete                        
00000be1  vTaskEndScheduler                  
00002321  vTaskGenericNotifyGiveFromISR      
000018d5  vTaskGetInfo                       
000016fb  vTaskInternalSetTimeOutState       
000017c5  vTaskMissedYield                   
000013d1  vTaskPlaceOnEventList              
00001401  vTaskPlaceOnUnorderedEventList     
00001d05  vTaskPriorityDisinheritAfterTimeout
0000078d  vTaskPrioritySet                   
000015c1  vTaskRemoveFromUnorderedEventList  
000009ef  vTaskResume                        
000017f1  vTaskSetTaskNumber                 
000016dd  vTaskSetTimeOutState               
00000b97  vTaskStartScheduler                
000008dd  vTaskSuspend                       
00000bfd  vTaskSuspendAll                    
0000134d  vTaskSwitchContext                 
00002873  xEventGroupClearBits               
00002621  xEventGroupCreate                  
000028a1  xEventGroupGetBitsFromISR          
000028d5  xEventGroupSetBits                 
00002641  xEventGroupSync                    
00002751  xEventGroupWaitBits                
00002c0b  xPortGetFreeHeapSize               
000034d5  xPortPendSVHandler                 
00002ea3  xPortStartScheduler                
00002f6f  xPortSysTickHandler                
000010a1  xTaskAbortDelay                    
00001081  xTaskCatchUpTicks                  
00001719  xTaskCheckForTimeOut               
0000026d  xTaskCreate                        
00000553  xTaskDelayUntil                    
00001fb5  xTaskGenericNotify                 
0000213d  xTaskGenericNotifyFromISR          
00002489  xTaskGenericNotifyStateClear       
00001eeb  xTaskGenericNotifyWait             
00001ad1  xTaskGetCurrentTaskHandle          
00000f25  xTaskGetHandle                     
0000107b  xTaskGetIdleTaskHandle             
00001af1  xTaskGetSchedulerState             
00000db9  xTaskGetTickCount                  
00000dd9  xTaskGetTickCountFromISR           
00001181  xTaskIncrementTick                 
00001c31  xTaskPriorityDisinherit            
00001b31  xTaskPriorityInherit               
0000146d  xTaskRemoveFromEventList           
00000c19  xTaskResumeAll                     
00000abd  xTaskResumeFromISR                 


GLOBAL SYMBOLS: SORTED BY Symbol Address 

address   name                               
-------   ----                               
00000000  __TI_static_base__                 
00000000  g_pfnVectors                       
00000200  __STACK_SIZE                       
0000026d  xTaskCreate                        
000004c7  vTaskDelete                        
00000553  xTaskDelayUntil                    
00000601  vTaskDelay                         
00000655  eTaskGetState                      
00000719  uxTaskPriorityGet                  
00000741  uxTaskPriorityGetFromISR           
0000078d  vTaskPrioritySet                   
000008dd  vTaskSuspend                       
000009ef  vTaskResume                        
00000abd  xTaskResumeFromISR                 
00000b97  vTaskStartScheduler                
00000be1  vTaskEndScheduler                  
00000bfd  vTaskSuspendAll                    
00000c19  xTaskResumeAll                     
00000db9  xTaskGetTickCount                  
00000dd9  xTaskGetTickCountFromISR           
00000e0d  uxTaskGetNumberOfTasks             
00000e19  pcTaskGetName                      
00000f25  xTaskGetHandle                     
00000fa9  uxTaskGetSystemState               
0000107b  xTaskGetIdleTaskHandle             
00001081  xTaskCatchUpTicks                  
000010a1  xTaskAbortDelay                    
00001181  xTaskIncrementTick                 
0000134d  vTaskSwitchContext                 
000013d1  vTaskPlaceOnEventList              
00001401  vTaskPlaceOnUnorderedEventList     
0000146d  xTaskRemoveFromEventList           
000015c1  vTaskRemoveFromUnorderedEventList  
000016dd  vTaskSetTimeOutState               
000016fb  vTaskInternalSetTimeOutState       
00001719  xTaskCheckForTimeOut               
000017c5  vTaskMissedYield                   
000017d1  uxTaskGetTaskNumber                
000017f1  vTaskSetTaskNumber                 
000018d5  vTaskGetInfo                       
00001a65  uxTaskGetStackHighWaterMark        
00001ad1  xTaskGetCurrentTaskHandle          
00001af1  xTaskGetSchedulerState             
00001b31  xTaskPriorityInherit               
00001c31  xTaskPriorityDisinherit            
00001d05  vTaskPriorityDisinheritAfterTimeout
00001df9  uxTaskResetEventItemValue          
00001e1f  pvTaskIncrementMutexHeldCount      
00001e45  ulTaskGenericNotifyTake            
00001eeb  xTaskGenericNotifyWait             
00001fb5  xTaskGenericNotify                 
0000213d  xTaskGenericNotifyFromISR          
00002321  vTaskGenericNotifyGiveFromISR      
00002489  xTaskGenericNotifyStateClear       
000024d3  ulTaskGenericNotifyValueClear      
00002621  xEventGroupCreate                  
00002641  xEventGroupSync                    
00002751  xEventGroupWaitBits                
00002873  xEventGroupClearBits               
000028a1  xEventGroupGetBitsFromISR          
000028d5  xEventGroupSetBits                 
000029c5  vEventGroupDelete                  
000029f9  vEventGroupSetBitsCallback         
00002a0b  vEventGroupClearBitsCallback       
00002a61  uxEventGroupGetNumber              
00002a81  vEventGroupSetNumber               
00002a95  pvPortMalloc                       
00002bad  vPortFree                          
00002c0b  xPortGetFreeHeapSize               
00002c11  vPortInitialiseBlocks              
00002c6d  PORTF_Init                         
00002c87  UART0_Init                         
00002cc1  Task1                              
00002d13  Button1                            
00002d4b  Button2                            
00002d83  main                               
00002e39  pxPortInitialiseStack              
00002ea3  xPortStartScheduler                
00002f37  vPortEndScheduler                  
00002f39  vPortEnterCritical                 
00002f59  vPortExitCritical                  
00002f6f  xPortSysTickHandler                
00002f95  vPortSetupTimerInterrupt           
00002faf  vPortValidateInterruptPriority     
00003001  GPIOPadConfigSet                   
0000316d  vListInitialise                    
0000319d  vListInitialiseItem                
000031ad  vListInsertEnd                     
000031e9  vListInsert                        
00003257  uxListRemove                       
000032a1  SysCtlClockGet                     
000033b9  SysCtlClockSet                     
000034bd  ulPortGetIPSR                      
000034d5  xPortPendSVHandler                 
00003535  vPortSVCHandler                    
00003555  vPortStartFirstTask                
00003579  vPortEnableVFP                     
00003587  __aeabi_memcpy                     
00003587  __aeabi_memcpy4                    
00003587  __aeabi_memcpy8                    
00003587  memcpy                             
00003623  __aeabi_memclr                     
00003623  __aeabi_memclr4                    
00003623  __aeabi_memclr8                    
00003625  __aeabi_memset                     
00003625  __aeabi_memset4                    
00003625  __aeabi_memset8                    
0000362b  memset                             
0000369d  __TI_decompress_lzss               
00003705  UARTConfigSetExpClk                
0000374d  __TI_auto_init_nobinit_nopinit     
00003791  SysCtlPeripheralEnable             
000037c5  _c_int00_noargs                    
000037f9  GPIODirModeSet                     
00003825  UARTDisable                        
00003845  GPIOPinTypeGPIOOutput              
0000385f  GPIOPinTypeGPIOInput               
00003875  GPIOPinTypeUART                    
0000388b  UARTEnable                         
0000389f  __TI_decompress_none               
000038ad  __TI_zero_init                     
000038b9  ResetISR                           
000038c5  GPIOPinRead                        
000038cb  GPIOPinWrite                       
000038d1  SysCtlDelay                        
000038d7  UARTClockSourceSet                 
000038dd  _system_pre_init                   
000038e1  C$$EXIT                            
000038e1  abort                              
00003950  ulMaxSyscallInterruptPriority      
00003960  uxTopUsedPriority                  
00003984  __TI_Handler_Table_Base            
00003990  __TI_Handler_Table_Limit           
00003998  __TI_CINIT_Base                    
000039a8  __TI_CINIT_Limit                   
20000000  __start___llvm_prf_cnts            
20000000  __stop___llvm_prf_cnts             
20004f00  Group1                             
20004f04  data1                              
20004f08  data2                              
20004f10  __stack                            
20005110  __STACK_END                        
20005110  __STACK_TOP                        
20005110  pxCurrentTCB                       
ffffffff  __TI_pprof_out_hndl                
ffffffff  __TI_prof_data_size                
ffffffff  __TI_prof_data_start               
ffffffff  __binit__                          
ffffffff  __c_args__                         
ffffffff  binit                              
UNDEFED   __mpu_init                         
UNDEFED   _system_post_cinit                 

[152 symbols]
